
> react-typescript-starter@0.1.0 test
> react-scripts test "--coverage"

PASS src/arrays.test.ts
PASS src/HtmlCss.test.tsx
PASS src/functions.test.ts
PASS src/text.test.tsx
PASS src/App.test.tsx
--------------|---------|----------|---------|---------|-------------------
File          | % Stmts | % Branch | % Funcs | % Lines | Uncovered Line #s 
--------------|---------|----------|---------|---------|-------------------
All files     |   96.62 |    95.34 |   96.77 |   96.51 |                   
 App.tsx      |   66.66 |      100 |   66.66 |   66.66 | 27                
 arrays.ts    |   96.87 |    93.54 |     100 |   96.72 | 36,53             
 functions.ts |     100 |      100 |     100 |     100 |                   
--------------|---------|----------|---------|---------|-------------------

Test Suites: 5 passed, 5 total
Tests:       23 passed, 23 total
Snapshots:   0 total
Time:        3.544 s
Ran all test suites.
